   Compiling tokio v1.53.1
   Compiling serde_core v1.0.229
   Compiling httparse v1.10.1
   Compiling percent-encoding v2.3.2
   Compiling ring v0.17.14
   Compiling generic-array v0.14.7
   Compiling icu_properties_data v2.3.0
   Compiling icu_normalizer_data v2.3.0
   Compiling http-body v1.1.0
   Compiling typenum v1.20.1
   Compiling getrandom v0.3.4
   Compiling rustls v0.23.44
   Compiling futures-task v0.3.34
   Compiling zmij v1.0.23
   Compiling slab v0.4.12
   Compiling zerocopy v0.8.57
   Compiling serde v1.0.229
   Compiling futures-io v0.3.34
   Compiling memchr v2.8.3
   Compiling futures-util v0.3.34
   Compiling aho-corasick v1.1.5
   Compiling rustls-webpki v0.103.15
   Compiling icu_normalizer v2.3.0
   Compiling icu_properties v2.3.0
   Compiling serde_derive v1.0.229
   Compiling core-foundation-sys v0.8.7
   Compiling regex-syntax v0.8.11
   Compiling bitflags v2.13.1
   Compiling serde_json v1.0.151
   Compiling try-lock v0.2.5
   Compiling tower-service v0.3.3
   Compiling subtle v2.6.1
   Compiling want v0.3.1
   Compiling regex-automata v0.4.18
   Compiling idna_adapter v1.2.2
   Compiling form_urlencoded v1.2.2
   Compiling tracing-core v0.1.36
   Compiling futures-channel v0.3.34
   Compiling atomic-waker v1.1.2
   Compiling utf8parse v0.2.2
   Compiling anstyle-parse v1.0.0
   Compiling hyper v1.11.1
   Compiling tracing v0.1.44
   Compiling ppv-lite86 v0.2.21
   Compiling regex v1.13.1
   Compiling rand_core v0.9.5
   Compiling idna v1.1.0
   Compiling security-framework-sys v2.17.0
   Compiling core-foundation v0.10.1
   Compiling crypto-common v0.1.7
   Compiling block-buffer v0.10.4
   Compiling sync_wrapper v1.0.2
   Compiling colorchoice v1.0.5
   Compiling anstyle v1.0.14
   Compiling thiserror v2.0.20
   Compiling anstyle-query v1.1.5
   Compiling base64 v0.22.1
   Compiling equivalent v1.0.2
   Compiling hashbrown v0.17.1
   Compiling tower-layer v0.3.3
   Compiling ipnet v2.12.2
   Compiling is_terminal_polyfill v1.70.2
   Compiling anstream v1.0.0
   Compiling indexmap v2.14.2
   Compiling hyper-util v0.1.20
   Compiling tower v0.5.3
   Compiling digest v0.10.7
   Compiling security-framework v3.7.0
   Compiling url v2.5.8
   Compiling rand_chacha v0.9.0
   Compiling utoipa-gen v5.5.0
   Compiling tokio-rustls v0.26.5
   Compiling webpki-roots v1.0.9
   Compiling thiserror-impl v2.0.20
   Compiling cpufeatures v0.2.17
   Compiling ryu v1.0.23
   Compiling log v0.4.34
   Compiling heck v0.5.0
   Compiling clap_lex v1.1.0
   Compiling anyhow v1.0.104
   Compiling strsim v0.11.1
   Compiling clap_builder v4.6.6
   Compiling clap_derive v4.6.4
   Compiling serde_urlencoded v0.7.1
   Compiling sha1 v0.10.7
   Compiling hyper-rustls v0.27.9
   Compiling rustls-native-certs v0.8.4
   Compiling rand v0.9.5
   Compiling tower-http v0.6.11
   Compiling http-body-util v0.1.5
   Compiling utf-8 v0.7.6
   Compiling data-encoding v2.11.1
   Compiling reqwest v0.12.28
   Compiling utoipa v5.5.0
   Compiling tungstenite v0.28.0
   Compiling clap v4.6.6
   Compiling den-core v0.2.1 (/private/tmp/den-arena-20260914/judge/repair-work/crates/den-core)
   Compiling den v0.2.1 (/private/tmp/den-arena-20260914/judge/repair-work/crates/den-cli)
    Finished `dev` profile [unoptimized] target(s) in 1m 01s
